documents:
    -
        document:
            id: 2
            parentId: 1
            type: page
            published: true
            path: /
            language: ''
            navigation_name: ~
            navigation_title: ~
            key: test_document_1
            title: 'Test Document_1'
            controller: 'App\Controller\DefaultController::defaultAction'
            editables: {  }
    -
        document:
            id: 3
            parentId: 2
            type: page
            published: true
            path: /test_document_1/
            language: ''
            navigation_name: ~
            navigation_title: ~
            key: test_document_2
            title: 'Test Document_2'
            controller: 'App\Controller\DefaultController::defaultAction'
            editables: {  }
    -
        document:
            id: 4
            parentId: 3
            type: page
            published: true
            path: /test_document_1/test_document_2/
            language: ''
            navigation_name: ~
            navigation_title: ~
            key: test_document_3
            title: 'Test Document_3'
            controller: 'App\Controller\DefaultController::defaultAction'
            editables: {  }
