pages:
    -
        page:
            id: 2
            parentId: 1
            type: page
            published: true
            path: /
            language: ''
            navigation_name: ~
            navigation_title: ~
            key: test_document_1
            title: 'Test Document_1'
            controller: 'App\Controller\DefaultController::defaultAction'
            editables: {  }
    -
        page:
            id: 3
            parentId: 1
            type: page
            published: true
            path: /
            language: ''
            navigation_name: ~
            navigation_title: ~
            key: test_document_2
            title: 'Test Document_2'
            controller: 'App\Controller\DefaultController::defaultAction'
            editables: {  }
