elements:
    -
        Pimcore\Model\Document\Page:
            type: page
            id: 999
            parentId: 4
            path: /test/
            key: test_document_1
            published: false
            controller: /Some/Controller
            title: 'The Title of my document'
            editables:
                -
                    type: input
                    name: textInput
                    data: 'some text input'
            properties:
                language:
                    type: string
                    key: language
                    value: en
                navigation_name:
                    type: string
                    key: navigation_name
                    value: 'My Document'
                navigation_title:
                    type: string
                    key: navigation_title
                    value: 'My Document - Title'
