elements:
    -
        Pimcore\Model\Document\Page:
            type: page
            id: 2
            parentId: 1
            path: /
            key: test_document_1
            published: true
            controller: 'App\Controller\DefaultController::defaultAction'
            title: 'Test Document_1'
            editables: {  }
            properties: {  }
    -
        Pimcore\Model\Document\Page:
            type: page
            id: 3
            parentId: 2
            path: /test_document_1/
            key: test_document_2
            published: true
            controller: 'App\Controller\DefaultController::defaultAction'
            title: 'Test Document_2'
            editables: {  }
            properties: {  }
    -
        Pimcore\Model\Document\Page:
            type: page
            id: 4
            parentId: 3
            path: /test_document_1/test_document_2/
            key: test_document_3
            published: true
            controller: 'App\Controller\DefaultController::defaultAction'
            title: 'Test Document_3'
            editables: {  }
            properties: {  }
