elements:
    -
        Pimcore\Model\Document\Page:
            published: true
            navigation_name: ~
            navigation_title: ~
            title: 'Test Document_1'
            controller: 'App\Controller\DefaultController::defaultAction'
            editables: {  }
            id: 2
            parentId: 1
            type: page
            path: /
            language: ''
            key: test_document_1
    -
        Pimcore\Model\Document\Page:
            published: true
            navigation_name: ~
            navigation_title: ~
            title: 'Test Document_2'
            controller: 'App\Controller\DefaultController::defaultAction'
            editables: {  }
            id: 3
            parentId: 1
            type: page
            path: /
            language: ''
            key: test_document_2
